[DATA_POINT]
1="tcp_connect"
2="tcp_connection_count"
3="mic_recv"
4="HTTP_200"
5="ssl_session_new"
6="tcp_shutdown"
7="HTTP_302"
[END_TRANSACTION]
49="http://demowebshop.tricentis.com/content/images/thumbs/0000132_science_125.jpeg"
50="https://edge.microsoft.com/autofillservice/v1/pages/ChVDaHJvbWUvMTAzLjAuNTA2MC4xMzQSJQlLO5DY3g5KfRIFDRPugw4SBQ36FExdEgUNxcg6whIFDXzE6hM=?alt=proto"
51="books_Action_72"
52="http://demowebshop.tricentis.com/addproducttocart/catalog/13/1/1"
53="http://demowebshop.tricentis.com/Themes/DefaultClean/Content/images/ico-close-notification-bar.png"
54="1_Action_87"
55="addtocart"
56="http://demowebshop.tricentis.com/logout"
57="logout_Action_104"
58="logout"
59="Action_Transaction"
60="vuser_end_Transaction"
1="vuser_init_Transaction"
2="http://demowebshop.tricentis.com/"
3="https://dns.google/dns-query?dns=AAABAAABAAAAAAABA3d3dwdnc3RhdGljA2NvbQAAAQABAAApEAAAAAAAAFQADABQAAAAAAAAAAAAAAAAAAAAAAAAAAAAAAAAAAAAAAAAAAAAAAAAAAAAAAAAAAAAAAAAAAAAAAAAAAAAAAAAAAAAAAAAAAAAAAAAAAAAAAAAAAA"
4="https://www.google-analytics.com/r/__utm.gif?utmwv=5.7.2&utms=1&utmn=1344413307&utmhn=demowebshop.tricentis.com&utmcs=UTF-8&utmsr=1280x720&utmvp=1263x601&utmsc=24-bit&utmul=en-us&utmje=0&utmfl=-&utmdt=Demo%20Web%20Shop.%20Login&utmhid=753837625&utmr=0&utmp=%2Flogin&utmht=1658900271539&utmac=UA-6574346-11&utmcc=__utma%3D78382081.2057262557.1658900272.1658900272.1658900272.1%3B%2B__utmz%3D78382081.1658900272.1.1.utmcsr%3D(direct)%7Cutmccn%3D(direct)%7Cutmcmd%3D(none)%3B&utmjid=1093838391&utmredir=1&utmu=qAAAAAAAAAAAAAAAAAAAAAAE~"
5="http://demowebshop.tricentis.com/Scripts/jquery-1.10.2.min.js"
6="http://demowebshop.tricentis.com/Content/jquery-ui-themes/smoothness/jquery-ui-1.10.3.custom.min.css"
7="http://demowebshop.tricentis.com/Plugins/Widgets.NivoSlider/Content/nivoslider/themes/default/default.css"
8="http://demowebshop.tricentis.com/Scripts/jquery.validate.unobtrusive.min.js"
9="http://demowebshop.tricentis.com/Scripts/jquery.validate.min.js"
10="https://www.google-analytics.com/ga.js"
11="http://demowebshop.tricentis.com/Scripts/public.common.js"
12="http://demowebshop.tricentis.com/Scripts/jquery-migrate-1.2.1.min.js"
13="http://demowebshop.tricentis.com/Scripts/jquery-ui-1.10.3.custom.min.js"
14="http://demowebshop.tricentis.com/Scripts/public.ajaxcart.js"
15="http://demowebshop.tricentis.com/Plugins/Widgets.NivoSlider/Scripts/jquery.nivo.slider.js"
16="http://demowebshop.tricentis.com/content/images/thumbs/0000015_25-virtual-gift-card_125.jpeg"
17="http://demowebshop.tricentis.com/Themes/DefaultClean/Content/images/logo.png"
18="http://demowebshop.tricentis.com/content/images/thumbs/0000172_build-your-own-cheap-computer_125.jpeg"
19="http://demowebshop.tricentis.com/content/images/thumbs/0000224_141-inch-laptop_125.png"
20="http://demowebshop.tricentis.com/content/images/thumbs/0000031_build-your-own-computer_125.jpeg"
21="http://demowebshop.tricentis.com/Themes/DefaultClean/Content/responsive.css"
22="http://demowebshop.tricentis.com/Plugins/Widgets.NivoSlider/Content/nivoslider/nivo-slider.css"
23="http://demowebshop.tricentis.com/Themes/DefaultClean/Content/styles.css"
24="http://demowebshop.tricentis.com/content/images/thumbs/0000201_build-your-own-expensive-computer_125.jpeg"
25="http://demowebshop.tricentis.com/content/images/thumbs/0000204_simple-computer_125.jpeg"
26="http://demowebshop.tricentis.com/content/images/thumbs/0000215.png"
27="http://demowebshop.tricentis.com/content/images/thumbs/0000216.png"
28="demowebshop.tricentis.com_Action_3"
29="http://demowebshop.tricentis.com/login"
30="http://demowebshop.tricentis.com/favicon.ico"
31="login_Action_38"
32="http://demowebshop.tricentis.com/Plugins/Widgets.NivoSlider/Content/nivoslider/themes/default/arrows.png"
33="http://demowebshop.tricentis.com/Plugins/Widgets.NivoSlider/Content/nivoslider/themes/default/bullets.png"
34="http://demowebshop.tricentis.com/content/images/thumbs/0000130_computing-and-internet_47.jpeg"
35="http://demowebshop.tricentis.com/content/images/thumbs/0000172_build-your-own-cheap-computer_47.jpeg"
36="http://demowebshop.tricentis.com/content/images/thumbs/0000217_casual-golf-belt_47.jpeg"
37="login_2_Action_49"
38="login"
39="http://demowebshop.tricentis.com/books"
40="https://dns.google/dns-query?dns=AAABAAABAAAAAAABBGVkZ2UJbWljcm9zb2Z0A2NvbQAAAQABAAApEAAAAAAAAFEADABNAAAAAAAAAAAAAAAAAAAAAAAAAAAAAAAAAAAAAAAAAAAAAAAAAAAAAAAAAAAAAAAAAAAAAAAAAAAAAAAAAAAAAAAAAAAAAAAAAAAAAAA"
41="http://demowebshop.tricentis.com/Themes/DefaultClean/Content/images/ico-arrow-r.gif"
42="http://demowebshop.tricentis.com/Themes/DefaultClean/Content/images/ajax_loader_large.gif"
43="http://demowebshop.tricentis.com/Themes/DefaultClean/Content/images/top-menu-list-image-hover.png"
44="http://demowebshop.tricentis.com/content/images/thumbs/0000130_computing-and-internet_125.jpeg"
45="http://demowebshop.tricentis.com/content/images/thumbs/0000133_fiction_125.jpeg"
46="http://demowebshop.tricentis.com/content/images/thumbs/0000209_copy-of-computing-and-internet-ex_125.jpeg"
47="http://demowebshop.tricentis.com/content/images/thumbs/0000208_fiction-ex_125.jpeg"
48="http://demowebshop.tricentis.com/content/images/thumbs/0000131_health-book_125.jpeg"
